[    0.000000] Linux version 6.11.0-rc2-next-20240809ychun (ychun@littlepenguinychun) (gcc (Debian 12.2.0-14) 12.2.0, GNU ld (GNU Binutils for Debian) 2.40) #1 SMP PREEMPT_DYNAMIC Sat Aug 10 03:12:08 CEST 2024
[    0.000000] Command line: BOOT_IMAGE=/boot/vmlinuz-6.11.0-rc2-next-20240809ychun root=UUID=5b525fc5-6c7c-425d-8f5e-4996e8ffbbd3 ro quiet
[    0.000000] BIOS-provided physical RAM map:
[    0.000000] BIOS-e820: [mem 0x0000000000000000-0x000000000009fbff] usable
[    0.000000] BIOS-e820: [mem 0x000000000009fc00-0x000000000009ffff] reserved
[    0.000000] BIOS-e820: [mem 0x00000000000f0000-0x00000000000fffff] reserved
[    0.000000] BIOS-e820: [mem 0x0000000000100000-0x00000000dffeffff] usable
[    0.000000] BIOS-e820: [mem 0x00000000dfff0000-0x00000000dfffffff] ACPI data
[    0.000000] BIOS-e820: [mem 0x00000000fec00000-0x00000000fec00fff] reserved
[    0.000000] BIOS-e820: [mem 0x00000000fee00000-0x00000000fee00fff] reserved
[    0.000000] BIOS-e820: [mem 0x00000000fffc0000-0x00000000ffffffff] reserved
[    0.000000] BIOS-e820: [mem 0x0000000100000000-0x00000003654fffff] usable
[    0.000000] NX (Execute Disable) protection: active
[    0.000000] APIC: Static calls initialized
[    0.000000] SMBIOS 2.5 present.
[    0.000000] DMI: innotek GmbH VirtualBox/VirtualBox, BIOS VirtualBox 12/01/2006
[    0.000000] DMI: Memory slots populated: 0/0
[    0.000000] Hypervisor detected: KVM
[    0.000000] kvm-clock: Using msrs 4b564d01 and 4b564d00
[    0.000001] kvm-clock: using sched offset of 29121101835177 cycles
[    0.000003] clocksource: kvm-clock: mask: 0xffffffffffffffff max_cycles: 0x1cd42e4dffb, max_idle_ns: 881590591483 ns
[    0.000005] tsc: Detected 2303.998 MHz processor
[    0.001587] e820: update [mem 0x00000000-0x00000fff] usable ==> reserved
[    0.001589] e820: remove [mem 0x000a0000-0x000fffff] usable
[    0.001592] last_pfn = 0x365500 max_arch_pfn = 0x400000000
[    0.001606] MTRRs disabled by BIOS
[    0.001608] x86/PAT: Configuration [0-7]: WB  WC  UC- UC  WB  WP  UC- WT  
[    0.001611] last_pfn = 0xe0000 max_arch_pfn = 0x400000000
[    0.001657] found SMP MP-table at [mem 0x0009fff0-0x0009ffff]
[    0.001931] RAMDISK: [mem 0x17716000-0x37feefff]
[    0.001935] ACPI: Early table checksum verification disabled
[    0.001938] ACPI: RSDP 0x00000000000E0000 000024 (v02 VBOX  )
[    0.001940] ACPI: XSDT 0x00000000DFFF0030 00003C (v01 VBOX   VBOXXSDT 00000001 ASL  00000061)
[    0.001944] ACPI: FACP 0x00000000DFFF00F0 0000F4 (v04 VBOX   VBOXFACP 00000001 ASL  00000061)
[    0.001948] ACPI: DSDT 0x00000000DFFF0640 002353 (v02 VBOX   VBOXBIOS 00000002 INTL 20100528)
[    0.001950] ACPI: FACS 0x00000000DFFF0200 000040
[    0.001952] ACPI: FACS 0x00000000DFFF0200 000040
[    0.001954] ACPI: APIC 0x00000000DFFF0240 00008C (v02 VBOX   VBOXAPIC 00000001 ASL  00000061)
[    0.001956] ACPI: SSDT 0x00000000DFFF02D0 00036C (v01 VBOX   VBOXCPUT 00000002 INTL 20100528)
[    0.001958] ACPI: Reserving FACP table memory at [mem 0xdfff00f0-0xdfff01e3]
[    0.001959] ACPI: Reserving DSDT table memory at [mem 0xdfff0640-0xdfff2992]
[    0.001959] ACPI: Reserving FACS table memory at [mem 0xdfff0200-0xdfff023f]
[    0.001959] ACPI: Reserving FACS table memory at [mem 0xdfff0200-0xdfff023f]
[    0.001960] ACPI: Reserving APIC table memory at [mem 0xdfff0240-0xdfff02cb]
[    0.001960] ACPI: Reserving SSDT table memory at [mem 0xdfff02d0-0xdfff063b]
[    0.002752] No NUMA configuration found
[    0.002753] Faking a node at [mem 0x0000000000000000-0x00000003654fffff]
[    0.002758] NODE_DATA(0) allocated [mem 0x3654d5680-0x3654fffff]
[    0.002892] Zone ranges:
[    0.002892]   DMA      [mem 0x0000000000001000-0x0000000000ffffff]
[    0.002893]   DMA32    [mem 0x0000000001000000-0x00000000ffffffff]
[    0.002894]   Normal   [mem 0x0000000100000000-0x00000003654fffff]
[    0.002895]   Device   empty
[    0.002896] Movable zone start for each node
[    0.002897] Early memory node ranges
[    0.002897]   node   0: [mem 0x0000000000001000-0x000000000009efff]
[    0.002898]   node   0: [mem 0x0000000000100000-0x00000000dffeffff]
[    0.002899]   node   0: [mem 0x0000000100000000-0x00000003654fffff]
[    0.002900] Initmem setup node 0 [mem 0x0000000000001000-0x00000003654fffff]
[    0.002905] On node 0, zone DMA: 1 pages in unavailable ranges
[    0.002923] On node 0, zone DMA: 97 pages in unavailable ranges
[    0.006946] On node 0, zone Normal: 16 pages in unavailable ranges
[    0.007087] On node 0, zone Normal: 11008 pages in unavailable ranges
[    0.008538] ACPI: PM-Timer IO Port: 0x4008
[    0.008769] IOAPIC[0]: apic_id 8, version 32, address 0xfec00000, GSI 0-23
[    0.008772] ACPI: INT_SRC_OVR (bus 0 bus_irq 0 global_irq 2 dfl dfl)
[    0.008774] ACPI: INT_SRC_OVR (bus 0 bus_irq 9 global_irq 9 low level)
[    0.008777] ACPI: Using ACPI (MADT) for SMP configuration information
[    0.008781] CPU topo: Max. logical packages:   1
[    0.008781] CPU topo: Max. logical dies:       1
[    0.008782] CPU topo: Max. dies per package:   1
[    0.008784] CPU topo: Max. threads per core:   1
[    0.008785] CPU topo: Num. cores per package:     8
[    0.008785] CPU topo: Num. threads per package:   8
[    0.008785] CPU topo: Allowing 8 present CPUs plus 0 hotplug CPUs
[    0.008998] PM: hibernation: Registered nosave memory: [mem 0x00000000-0x00000fff]
[    0.009000] PM: hibernation: Registered nosave memory: [mem 0x0009f000-0x0009ffff]
[    0.009000] PM: hibernation: Registered nosave memory: [mem 0x000a0000-0x000effff]
[    0.009000] PM: hibernation: Registered nosave memory: [mem 0x000f0000-0x000fffff]
[    0.009001] PM: hibernation: Registered nosave memory: [mem 0xdfff0000-0xdfffffff]
[    0.009002] PM: hibernation: Registered nosave memory: [mem 0xe0000000-0xfebfffff]
[    0.009002] PM: hibernation: Registered nosave memory: [mem 0xfec00000-0xfec00fff]
[    0.009002] PM: hibernation: Registered nosave memory: [mem 0xfec01000-0xfedfffff]
[    0.009003] PM: hibernation: Registered nosave memory: [mem 0xfee00000-0xfee00fff]
[    0.009003] PM: hibernation: Registered nosave memory: [mem 0xfee01000-0xfffbffff]
[    0.009003] PM: hibernation: Registered nosave memory: [mem 0xfffc0000-0xffffffff]
[    0.009004] [mem 0xe0000000-0xfebfffff] available for PCI devices
[    0.009005] Booting paravirtualized kernel on KVM
[    0.009006] clocksource: refined-jiffies: mask: 0xffffffff max_cycles: 0xffffffff, max_idle_ns: 7645519600211568 ns
[    0.012280] setup_percpu: NR_CPUS:8192 nr_cpumask_bits:8 nr_cpu_ids:8 nr_node_ids:1
[    0.012815] percpu: Embedded 66 pages/cpu s233472 r8192 d28672 u524288
[    0.012819] pcpu-alloc: s233472 r8192 d28672 u524288 alloc=1*2097152
[    0.012821] pcpu-alloc: [0] 0 1 2 3 [0] 4 5 6 7 
[    0.013001] kvm-guest: PV spinlocks enabled
[    0.013003] PV qspinlock hash table entries: 256 (order: 0, 4096 bytes, linear)
[    0.013006] Kernel command line: BOOT_IMAGE=/boot/vmlinuz-6.11.0-rc2-next-20240809ychun root=UUID=5b525fc5-6c7c-425d-8f5e-4996e8ffbbd3 ro quiet
[    0.013035] Unknown kernel command line parameters "BOOT_IMAGE=/boot/vmlinuz-6.11.0-rc2-next-20240809ychun", will be passed to user space.
[    0.013047] random: crng init done
[    0.014110] Dentry cache hash table entries: 2097152 (order: 12, 16777216 bytes, linear)
[    0.014655] Inode-cache hash table entries: 1048576 (order: 11, 8388608 bytes, linear)
[    0.014777] Fallback order for Node 0: 0 
[    0.014779] Built 1 zonelists, mobility grouping on.  Total pages: 3429518
[    0.014780] Policy zone: Normal
[    0.014784] mem auto-init: stack:all(zero), heap alloc:on, heap free:off
[    0.014788] software IO TLB: area num 8.
[    0.074687] SLUB: HWalign=64, Order=0-3, MinObjects=0, CPUs=8, Nodes=1
[    0.074806] ftrace: allocating 44279 entries in 173 pages
[    0.081886] ftrace: allocated 173 pages with 5 groups
[    0.083140] Dynamic Preempt: voluntary
[    0.083199] rcu: Preemptible hierarchical RCU implementation.
[    0.083199] rcu: 	RCU restricting CPUs from NR_CPUS=8192 to nr_cpu_ids=8.
[    0.083200] 	Trampoline variant of Tasks RCU enabled.
[    0.083201] 	Rude variant of Tasks RCU enabled.
[    0.083201] 	Tracing variant of Tasks RCU enabled.
[    0.083201] rcu: RCU calculated value of scheduler-enlistment delay is 25 jiffies.
[    0.083202] rcu: Adjusting geometry for rcu_fanout_leaf=16, nr_cpu_ids=8
[    0.083207] RCU Tasks: Setting shift to 3 and lim to 1 rcu_task_cb_adjust=1 rcu_task_cpu_ids=8.
[    0.083208] RCU Tasks Rude: Setting shift to 3 and lim to 1 rcu_task_cb_adjust=1 rcu_task_cpu_ids=8.
[    0.083209] RCU Tasks Trace: Setting shift to 3 and lim to 1 rcu_task_cb_adjust=1 rcu_task_cpu_ids=8.
[    0.085775] NR_IRQS: 524544, nr_irqs: 488, preallocated irqs: 16
[    0.086077] rcu: srcu_init: Setting srcu_struct sizes based on contention.
[    0.122764] Console: colour VGA+ 80x25
[    0.122768] printk: legacy console [tty0] enabled
[    0.122824] ACPI: Core revision 20240322
[    0.123985] APIC: Switch to symmetric I/O mode setup
[    0.134567] ..TIMER: vector=0x30 apic1=0 pin1=2 apic2=-1 pin2=-1
[    0.134804] clocksource: tsc-early: mask: 0xffffffffffffffff max_cycles: 0x2135f5e6f15, max_idle_ns: 440795231538 ns
[    0.134811] Calibrating delay loop (skipped) preset value.. 4607.99 BogoMIPS (lpj=9215992)
[    0.140496] Last level iTLB entries: 4KB 0, 2MB 0, 4MB 0
[    0.140497] Last level dTLB entries: 4KB 0, 2MB 0, 4MB 0, 1GB 0
[    0.140503] Spectre V1 : Mitigation: usercopy/swapgs barriers and __user pointer sanitization
[    0.140504] Spectre V2 : Spectre BHI mitigation: SW BHB clearing on syscall and VM exit
[    0.140505] Spectre V2 : Mitigation: Enhanced / Automatic IBRS
[    0.140505] Spectre V2 : Spectre v2 / SpectreRSB mitigation: Filling RSB on context switch
[    0.140506] Spectre V2 : Spectre v2 / PBRSB-eIBRS: Retire a single CALL on VMEXIT
[    0.140506] RETBleed: Mitigation: Enhanced IBRS
[    0.140507] Speculative Store Bypass: Vulnerable
[    0.140509] x86/fpu: x87 FPU will use FXSAVE
[    0.153368] Freeing SMP alternatives memory: 36K
[    0.153375] pid_max: default: 32768 minimum: 301
[    0.153404] LSM: initializing lsm=lockdown,capability,landlock,yama,apparmor,tomoyo,bpf,ima,evm
[    0.153413] landlock: Up and running.
[    0.153414] Yama: becoming mindful.
[    0.153469] AppArmor: AppArmor initialized
[    0.153470] TOMOYO Linux initialized
[    0.153474] LSM support for eBPF active
[    0.153503] Mount-cache hash table entries: 32768 (order: 6, 262144 bytes, linear)
[    0.153684] Mountpoint-cache hash table entries: 32768 (order: 6, 262144 bytes, linear)
[    0.258811] APIC calibration not consistent with PM-Timer: 96ms instead of 100ms
[    0.258815] APIC delta adjusted to PM-Timer: 6249981 (6007580)
[    0.259085] smpboot: CPU0: 11th Gen Intel(R) Core(TM) i7-11800H @ 2.30GHz (family: 0x6, model: 0x8d, stepping: 0x1)
[    0.259572] Performance Events: unsupported p6 CPU model 141 no PMU driver, software events only.
[    0.259593] signal: max sigframe size: 1440
[    0.259693] rcu: Hierarchical SRCU implementation.
[    0.259694] rcu: 	Max phase no-delay instances is 1000.
[    0.259787] Timer migration: 1 hierarchy levels; 8 children per group; 1 crossnode level
[    0.260137] NMI watchdog: Perf NMI watchdog permanently disabled
[    0.260414] smp: Bringing up secondary CPUs ...
[    0.260677] smpboot: x86: Booting SMP configuration:
[    0.260678] .... node  #0, CPUs:      #1 #2 #3 #4 #5 #6 #7
[    0.268840] TSC synchronization [CPU#0 -> CPU#1]:
[    0.268842] Measured 51993 cycles TSC warp between CPUs, turning off TSC clock.
[    0.268846] tsc: Marking TSC unstable due to check_tsc_sync_source failed
[    0.291095] smp: Brought up 1 node, 8 CPUs
[    0.291098] smpboot: Total of 8 processors activated (36863.96 BogoMIPS)
[    0.307906] node 0 deferred pages initialised in 12ms
[    0.308023] Memory: 12827916K/13718072K available (16384K kernel code, 2412K rwdata, 6280K rodata, 4044K init, 5424K bss, 883328K reserved, 0K cma-reserved)
[    0.308597] devtmpfs: initialized
[    0.308597] x86/mm: Memory block size: 128MB
[    0.311727] clocksource: jiffies: mask: 0xffffffff max_cycles: 0xffffffff, max_idle_ns: 7645041785100000 ns
[    0.311727] futex hash table entries: 2048 (order: 5, 131072 bytes, linear)
[    0.311727] pinctrl core: initialized pinctrl subsystem
[    0.315358] NET: Registered PF_NETLINK/PF_ROUTE protocol family
[    0.321693] DMA: preallocated 2048 KiB GFP_KERNEL pool for atomic allocations
[    0.321832] DMA: preallocated 2048 KiB GFP_KERNEL|GFP_DMA pool for atomic allocations
[    0.321971] DMA: preallocated 2048 KiB GFP_KERNEL|GFP_DMA32 pool for atomic allocations
[    0.321983] audit: initializing netlink subsys (disabled)
[    0.322134] audit: type=2000 audit(1723282401.780:1): state=initialized audit_enabled=0 res=1
[    0.322134] thermal_sys: Registered thermal governor 'fair_share'
[    0.322134] thermal_sys: Registered thermal governor 'bang_bang'
[    0.322134] thermal_sys: Registered thermal governor 'step_wise'
[    0.322134] thermal_sys: Registered thermal governor 'user_space'
[    0.322134] thermal_sys: Registered thermal governor 'power_allocator'
[    0.322134] cpuidle: using governor ladder
[    0.322134] cpuidle: using governor menu
[    0.322134] acpiphp: ACPI Hot Plug PCI Controller Driver version: 0.5
[    0.322928] PCI: Using configuration type 1 for base access
[    0.323753] kprobes: kprobe jump-optimization is enabled. All kprobes are optimized if possible.
[    0.329255] HugeTLB: registered 2.00 MiB page size, pre-allocated 0 pages
[    0.329255] HugeTLB: 28 KiB vmemmap can be freed for a 2.00 MiB page
[    0.331239] ACPI: Added _OSI(Module Device)
[    0.331239] ACPI: Added _OSI(Processor Device)
[    0.331239] ACPI: Added _OSI(3.0 _SCP Extensions)
[    0.331239] ACPI: Added _OSI(Processor Aggregator Device)
[    0.332887] ACPI: 2 ACPI AML tables successfully acquired and loaded
[    0.335285] ACPI: Interpreter enabled
[    0.335285] ACPI: PM: (supports S0 S5)
[    0.335285] ACPI: Using IOAPIC for interrupt routing
[    0.335285] PCI: Using host bridge windows from ACPI; if necessary, use "pci=nocrs" and report a bug
[    0.335285] PCI: Using E820 reservations for host bridge windows
[    0.335285] ACPI: Enabled 2 GPEs in block 00 to 07
[    0.347240] ACPI: PCI Root Bridge [PCI0] (domain 0000 [bus 00-ff])
[    0.347245] acpi PNP0A03:00: _OSC: OS supports [ASPM ClockPM Segments MSI HPX-Type3]
[    0.347246] acpi PNP0A03:00: _OSC: not requesting OS control; OS requires [ExtendedConfig ASPM ClockPM MSI]
[    0.347722] acpi PNP0A03:00: fail to add MMCONFIG information, can't access extended configuration space under this bridge
[    0.348206] PCI host bridge to bus 0000:00
[    0.348208] pci_bus 0000:00: root bus resource [io  0x0000-0x0cf7 window]
[    0.348210] pci_bus 0000:00: root bus resource [io  0x0d00-0xffff window]
[    0.348211] pci_bus 0000:00: root bus resource [mem 0x000a0000-0x000bffff window]
[    0.348211] pci_bus 0000:00: root bus resource [mem 0xe0000000-0xfdffffff window]
[    0.348213] pci_bus 0000:00: root bus resource [bus 00-ff]
[    0.348500] pci 0000:00:00.0: [8086:1237] type 00 class 0x060000 conventional PCI endpoint
[    0.349668] pci 0000:00:01.0: [8086:7000] type 00 class 0x060100 conventional PCI endpoint
[    0.350882] pci 0000:00:01.1: [8086:7111] type 00 class 0x01018a conventional PCI endpoint
[    0.351796] pci 0000:00:01.1: BAR 4 [io  0xd000-0xd00f]
[    0.352185] pci 0000:00:01.1: BAR 0 [io  0x01f0-0x01f7]: legacy IDE quirk
[    0.352186] pci 0000:00:01.1: BAR 1 [io  0x03f6]: legacy IDE quirk
[    0.352187] pci 0000:00:01.1: BAR 2 [io  0x0170-0x0177]: legacy IDE quirk
[    0.352188] pci 0000:00:01.1: BAR 3 [io  0x0376]: legacy IDE quirk
[    0.352696] pci 0000:00:02.0: [15ad:0405] type 00 class 0x030000 conventional PCI endpoint
[    0.358810] pci 0000:00:02.0: BAR 0 [io  0xd010-0xd01f]
[    0.362811] pci 0000:00:02.0: BAR 1 [mem 0xe0000000-0xe7ffffff pref]
[    0.366075] pci 0000:00:02.0: BAR 2 [mem 0xf0000000-0xf01fffff]
[    0.380655] pci 0000:00:02.0: Video device with shadowed ROM at [mem 0x000c0000-0x000dffff]
[    0.383089] pci 0000:00:03.0: [8086:100e] type 00 class 0x020000 conventional PCI endpoint
[    0.383472] pci 0000:00:03.0: BAR 0 [mem 0xf0200000-0xf021ffff]
[    0.383862] pci 0000:00:03.0: BAR 2 [io  0xd020-0xd027]
[    0.385623] pci 0000:00:04.0: [80ee:cafe] type 00 class 0x088000 conventional PCI endpoint
[    0.386067] pci 0000:00:04.0: BAR 0 [io  0xd040-0xd05f]
[    0.386356] pci 0000:00:04.0: BAR 1 [mem 0xf0400000-0xf07fffff]
[    0.386642] pci 0000:00:04.0: BAR 2 [mem 0xf0800000-0xf0803fff pref]
[    0.388161] pci 0000:00:05.0: [8086:2415] type 00 class 0x040100 conventional PCI endpoint
[    0.388459] pci 0000:00:05.0: BAR 0 [io  0xd100-0xd1ff]
[    0.388620] pci 0000:00:05.0: BAR 1 [io  0xd200-0xd23f]
[    0.389853] pci 0000:00:06.0: [106b:003f] type 00 class 0x0c0310 conventional PCI endpoint
[    0.390223] pci 0000:00:06.0: BAR 0 [mem 0xf0804000-0xf0804fff]
[    0.391476] pci 0000:00:07.0: [8086:7113] type 00 class 0x068000 conventional PCI endpoint
[    0.392492] pci 0000:00:07.0: quirk: [io  0x4000-0x403f] claimed by PIIX4 ACPI
[    0.392516] pci 0000:00:07.0: quirk: [io  0x4100-0x410f] claimed by PIIX4 SMB
[    0.394975] pci 0000:00:0b.0: [8086:265c] type 00 class 0x0c0320 conventional PCI endpoint
[    0.395302] pci 0000:00:0b.0: BAR 0 [mem 0xf0805000-0xf0805fff]
[    0.397157] pci 0000:00:0d.0: [8086:2829] type 00 class 0x010601 conventional PCI endpoint
[    0.397485] pci 0000:00:0d.0: BAR 0 [io  0xd240-0xd247]
[    0.397677] pci 0000:00:0d.0: BAR 1 [io  0xd248-0xd24b]
[    0.397901] pci 0000:00:0d.0: BAR 2 [io  0xd250-0xd257]
[    0.398096] pci 0000:00:0d.0: BAR 3 [io  0xd258-0xd25b]
[    0.398282] pci 0000:00:0d.0: BAR 4 [io  0xd260-0xd26f]
[    0.398466] pci 0000:00:0d.0: BAR 5 [mem 0xf0806000-0xf0807fff]
[    0.401463] ACPI: PCI: Interrupt link LNKA configured for IRQ 11
[    0.401808] ACPI: PCI: Interrupt link LNKB configured for IRQ 10
[    0.401938] ACPI: PCI: Interrupt link LNKC configured for IRQ 9
[    0.402067] ACPI: PCI: Interrupt link LNKD configured for IRQ 11
[    0.402386] iommu: Default domain type: Translated
[    0.402386] iommu: DMA domain TLB invalidation policy: lazy mode
[    0.402881] pps_core: LinuxPPS API ver. 1 registered
[    0.402882] pps_core: Software ver. 5.3.6 - Copyright 2005-2007 Rodolfo Giometti <giometti@linux.it>
[    0.402884] PTP clock support registered
[    0.402890] EDAC MC: Ver: 3.0.0
[    0.408097] NetLabel: Initializing
[    0.408099] NetLabel:  domain hash size = 128
[    0.408100] NetLabel:  protocols = UNLABELED CIPSOv4 CALIPSO
[    0.408111] NetLabel:  unlabeled traffic allowed by default
[    0.408111] PCI: Using ACPI for IRQ routing
[    0.408112] PCI: pci_cache_line_size set to 64 bytes
[    0.408635] e820: reserve RAM buffer [mem 0x0009fc00-0x0009ffff]
[    0.408636] e820: reserve RAM buffer [mem 0xdfff0000-0xdfffffff]
[    0.408637] e820: reserve RAM buffer [mem 0x365500000-0x367ffffff]
[    0.408727] pci 0000:00:02.0: vgaarb: setting as boot VGA device
[    0.408727] pci 0000:00:02.0: vgaarb: bridge control possible
[    0.408727] pci 0000:00:02.0: vgaarb: VGA device added: decodes=io+mem,owns=io+mem,locks=none
[    0.408727] vgaarb: loaded
[    0.410883] clocksource: Switched to clocksource kvm-clock
[    0.411044] VFS: Disk quotas dquot_6.6.0
[    0.411073] VFS: Dquot-cache hash table entries: 512 (order 0, 4096 bytes)
[    0.411290] AppArmor: AppArmor Filesystem Enabled
[    0.411300] pnp: PnP ACPI init
[    0.412738] pnp: PnP ACPI: found 2 devices
[    0.464134] clocksource: acpi_pm: mask: 0xffffff max_cycles: 0xffffff, max_idle_ns: 2085701024 ns
[    0.464183] NET: Registered PF_INET protocol family
[    0.465372] IP idents hash table entries: 262144 (order: 9, 2097152 bytes, linear)
[    0.465372] tcp_listen_portaddr_hash hash table entries: 8192 (order: 5, 131072 bytes, linear)
[    0.465372] Table-perturb hash table entries: 65536 (order: 6, 262144 bytes, linear)
[    0.465372] TCP established hash table entries: 131072 (order: 8, 1048576 bytes, linear)
[    0.465372] TCP bind hash table entries: 65536 (order: 9, 2097152 bytes, linear)
[    0.465372] TCP: Hash tables configured (established 131072 bind 65536)
[    0.465372] MPTCP token hash table entries: 16384 (order: 6, 393216 bytes, linear)
[    0.465372] UDP hash table entries: 8192 (order: 6, 262144 bytes, linear)
[    0.465372] UDP-Lite hash table entries: 8192 (order: 6, 262144 bytes, linear)
[    0.465372] NET: Registered PF_UNIX/PF_LOCAL protocol family
[    0.465372] NET: Registered PF_XDP protocol family
[    0.465372] pci_bus 0000:00: resource 4 [io  0x0000-0x0cf7 window]
[    0.465372] pci_bus 0000:00: resource 5 [io  0x0d00-0xffff window]
[    0.465372] pci_bus 0000:00: resource 6 [mem 0x000a0000-0x000bffff window]
[    0.465372] pci_bus 0000:00: resource 7 [mem 0xe0000000-0xfdffffff window]
[    0.465372] pci 0000:00:00.0: Limiting direct PCI/PCI transfers
[    0.465372] PCI: CLS 0 bytes, default 64
[    0.465372] PCI-DMA: Using software bounce buffering for IO (SWIOTLB)
[    0.465372] software IO TLB: mapped [mem 0x00000000dbff0000-0x00000000dfff0000] (64MB)
[    0.465372] platform rtc_cmos: registered platform RTC device (no PNP device found)
[    0.465372] Trying to unpack rootfs image as initramfs...
[    0.474809] Initialise system trusted keyrings
[    0.474816] Key type blacklist registered
[    0.475980] workingset: timestamp_bits=36 max_order=22 bucket_order=0
[    0.475989] zbud: loaded
[    0.485493] integrity: Platform Keyring initialized
[    0.485496] integrity: Machine keyring initialized
[    0.495369] Key type asymmetric registered
[    0.495374] Asymmetric key parser 'x509' registered
[    3.242580] Freeing initrd memory: 533348K
[    3.272050] Block layer SCSI generic (bsg) driver version 0.4 loaded (major 247)
[    3.272513] io scheduler mq-deadline registered
[    3.283405] shpchp: Standard Hot Plug PCI Controller Driver version: 0.4
[    3.287606] Serial: 8250/16550 driver, 4 ports, IRQ sharing enabled
[    3.289665] Linux agpgart interface v0.103
[    3.295626] i8042: PNP: PS/2 Controller [PNP0303:PS2K,PNP0f03:PS2M] at 0x60,0x64 irq 1,12
[    3.298049] serio: i8042 KBD port at 0x60,0x64 irq 1
[    3.298054] serio: i8042 AUX port at 0x60,0x64 irq 12
[    3.298584] mousedev: PS/2 mouse device common for all mice
[    3.301104] rtc_cmos rtc_cmos: registered as rtc0
[    3.301258] input: AT Translated Set 2 keyboard as /devices/platform/i8042/serio0/input/input0
[    3.301419] rtc_cmos rtc_cmos: setting system clock to 2024-08-10T01:26:02 UTC (1723253162)
[    3.301544] rtc_cmos rtc_cmos: alarms up to one day, 114 bytes nvram
[    3.301552] intel_pstate: CPU model not supported
[    3.305948] ledtrig-cpu: registered to indicate activity on CPUs
[    3.306150] NET: Registered PF_INET6 protocol family
[    3.320931] Segment Routing with IPv6
[    3.320948] In-situ OAM (IOAM) with IPv6
[    3.321006] mip6: Mobile IPv6
[    3.321009] NET: Registered PF_PACKET protocol family
[    3.321525] mpls_gso: MPLS GSO support
[    3.324095] IPI shorthand broadcast: enabled
[    3.325457] sched_clock: Marking stable (3280017698, 44304600)->(3351375461, -27053163)
[    3.375063] hrtimer: interrupt took 9318103 ns
[    3.381352] registered taskstats version 1
[    3.381570] Loading compiled-in X.509 certificates
[    3.395193] Loaded X.509 cert 'Build time autogenerated kernel key: e407e5abb714a23829740cd329c2af461b97d40c'
[    3.398751] Demotion targets for Node 0: null
[    3.406898] Key type .fscrypt registered
[    3.406900] Key type fscrypt-provisioning registered
[    3.445276] Key type encrypted registered
[    3.445281] AppArmor: AppArmor sha256 policy hashing enabled
[    3.445289] ima: No TPM chip found, activating TPM-bypass!
[    3.445291] ima: Allocated hash algorithm: sha256
[    3.445298] ima: No architecture policies found
[    3.445310] evm: Initialising EVM extended attributes:
[    3.445311] evm: security.selinux
[    3.445312] evm: security.SMACK64 (disabled)
[    3.445312] evm: security.SMACK64EXEC (disabled)
[    3.445312] evm: security.SMACK64TRANSMUTE (disabled)
[    3.445313] evm: security.SMACK64MMAP (disabled)
[    3.445313] evm: security.apparmor
[    3.445314] evm: security.ima
[    3.445314] evm: security.capability
[    3.445314] evm: HMAC attrs: 0x1
[    3.571414] clk: Disabling unused clocks
[    3.571417] PM: genpd: Disabling unused power domains
[    3.578284] Freeing unused decrypted memory: 2028K
[    3.578924] Freeing unused kernel image (initmem) memory: 4044K
[    3.578935] Write protecting the kernel read-only data: 24576k
[    3.580103] Freeing unused kernel image (rodata/data gap) memory: 1912K
[    3.586395] x86/mm: Checked W+X mappings: passed, no W+X pages found.
[    3.586400] Run /init as init process
[    3.586401]   with arguments:
[    3.586402]     /init
[    3.586403]   with environment:
[    3.586403]     HOME=/
[    3.586404]     TERM=linux
[    3.586404]     BOOT_IMAGE=/boot/vmlinuz-6.11.0-rc2-next-20240809ychun
[    3.678787] input: Power Button as /devices/LNXSYSTM:00/LNXPWRBN:00/input/input2
[    3.691489] ACPI: battery: Slot [BAT0] (battery present)
[    3.701817] ACPI: button: Power Button [PWRF]
[    3.701862] input: Sleep Button as /devices/LNXSYSTM:00/LNXSLPBN:00/input/input3
[    3.701959] ACPI: button: Sleep Button [SLPF]
[    3.704507] ACPI: video: Video Device [GFX0] (multi-head: yes  rom: no  post: no)
[    3.704561] input: Video Bus as /devices/LNXSYSTM:00/LNXSYBUS:00/PNP0A03:00/LNXVIDEO:00/input/input4
[    3.708226] piix4_smbus 0000:00:07.0: SMBus Host Controller at 0x4100, revision 0
[    3.721469] e1000: Intel(R) PRO/1000 Network Driver
[    3.721471] e1000: Copyright (c) 1999-2006 Intel Corporation.
[    3.763772] SCSI subsystem initialized
[    3.798985] ACPI: bus type USB registered
[    3.799064] usbcore: registered new interface driver usbfs
[    3.799070] usbcore: registered new interface driver hub
[    3.799080] usbcore: registered new device driver usb
[    3.965575] libata version 3.00 loaded.
[    3.995040] ACPI: bus type drm_connector registered
[    4.008975] ata_piix 0000:00:01.1: version 2.13
[    4.015087] ehci-pci 0000:00:0b.0: EHCI Host Controller
[    4.015094] ehci-pci 0000:00:0b.0: new USB bus registered, assigned bus number 1
[    4.016232] scsi host0: ata_piix
[    4.022460] ehci-pci 0000:00:0b.0: irq 19, io mem 0xf0805000
[    4.028642] ahci 0000:00:0d.0: version 3.0
[    4.032946] ahci 0000:00:0d.0: SSS flag set, parallel bus scan disabled
[    4.034440] scsi host1: ata_piix
[    4.034478] ata1: PATA max UDMA/33 cmd 0x1f0 ctl 0x3f6 bmdma 0xd000 irq 14 lpm-pol 0
[    4.034479] ata2: PATA max UDMA/33 cmd 0x170 ctl 0x376 bmdma 0xd008 irq 15 lpm-pol 0
[    4.034564] ahci 0000:00:0d.0: AHCI vers 0001.0100, 32 command slots, 3 Gbps, SATA mode
[    4.034567] ahci 0000:00:0d.0: 1/1 ports implemented (port mask 0x1)
[    4.034568] ahci 0000:00:0d.0: flags: 64bit ncq stag only ccc 
[    4.036590] scsi host2: ahci
[    4.036653] ata3: SATA max UDMA/133 abar m8192@0xf0806000 port 0xf0806100 irq 21 lpm-pol 0
[    4.047513] ehci-pci 0000:00:0b.0: USB 2.0 started, EHCI 1.00
[    4.048410] usb usb1: New USB device found, idVendor=1d6b, idProduct=0002, bcdDevice= 6.11
[    4.048413] usb usb1: New USB device strings: Mfr=3, Product=2, SerialNumber=1
[    4.048414] usb usb1: Product: EHCI Host Controller
[    4.048415] usb usb1: Manufacturer: Linux 6.11.0-rc2-next-20240809ychun ehci_hcd
[    4.048415] usb usb1: SerialNumber: 0000:00:0b.0
[    4.051886] hub 1-0:1.0: USB hub found
[    4.051891] hub 1-0:1.0: 12 ports detected
[    4.225940] ata2.00: ATAPI: VBOX CD-ROM, 1.0, max UDMA/133
[    4.229451] scsi 1:0:0:0: CD-ROM            VBOX     CD-ROM           1.0  PQ: 0 ANSI: 5
[    4.358034] ata3: SATA link up 3.0 Gbps (SStatus 123 SControl 300)
[    4.358464] ata3.00: ATA-6: VBOX HARDDISK, 1.0, max UDMA/133
[    4.358466] ata3.00: 104857600 sectors, multi 128: LBA48 NCQ (depth 32)
[    4.359114] ata3.00: configured for UDMA/133
[    4.359293] scsi 2:0:0:0: Direct-Access     ATA      VBOX HARDDISK    1.0  PQ: 0 ANSI: 5
[    4.373148] ohci-pci 0000:00:06.0: OHCI PCI host controller
[    4.373155] ohci-pci 0000:00:06.0: new USB bus registered, assigned bus number 2
[    4.373643] ohci-pci 0000:00:06.0: irq 22, io mem 0xf0804000
[    4.387826] sd 2:0:0:0: [sda] 104857600 512-byte logical blocks: (53.7 GB/50.0 GiB)
[    4.387831] sd 2:0:0:0: [sda] Write Protect is off
[    4.387833] sd 2:0:0:0: [sda] Mode Sense: 00 3a 00 00
[    4.387837] sd 2:0:0:0: [sda] Write cache: enabled, read cache: enabled, doesn't support DPO or FUA
[    4.387847] sd 2:0:0:0: [sda] Preferred minimum I/O size 512 bytes
[    4.433821] usb usb2: New USB device found, idVendor=1d6b, idProduct=0001, bcdDevice= 6.11
[    4.433825] usb usb2: New USB device strings: Mfr=3, Product=2, SerialNumber=1
[    4.433826] usb usb2: Product: OHCI PCI host controller
[    4.433827] usb usb2: Manufacturer: Linux 6.11.0-rc2-next-20240809ychun ohci_hcd
[    4.433828] usb usb2: SerialNumber: 0000:00:06.0
[    4.434230]  sda: sda1 sda2 < sda5 >
[    4.434253] hub 2-0:1.0: USB hub found
[    4.434308] hub 2-0:1.0: 12 ports detected
[    4.435236] sd 2:0:0:0: [sda] Attached SCSI disk
[    4.592232] vmwgfx 0000:00:02.0: vgaarb: deactivate vga console
[    4.605270] sr 1:0:0:0: [sr0] scsi3-mmc drive: 32x/32x xa/form2 tray
[    4.605274] cdrom: Uniform CD-ROM driver Revision: 3.20
[    4.617515] Console: switching to colour dummy device 80x25
[    4.618460] vmwgfx 0000:00:02.0: [drm] FIFO at 0x00000000f0000000 size is 2048 KiB
[    4.619310] vmwgfx 0000:00:02.0: [drm] VRAM at 0x00000000e0000000 size is 131072 KiB
[    4.619375] vmwgfx 0000:00:02.0: [drm] Running on SVGA version 2.
[    4.619403] vmwgfx 0000:00:02.0: [drm] Capabilities: rect copy, cursor, cursor bypass, cursor bypass 2, alpha cursor, extended fifo, pitchlock, irq mask, gmr, traces, gmr2, screen object 2, command buffers, 
[    4.619404] vmwgfx 0000:00:02.0: [drm] *ERROR* vmwgfx seems to be running on an unsupported hypervisor.
[    4.619408] vmwgfx 0000:00:02.0: [drm] *ERROR* This configuration is likely broken.
[    4.619409] vmwgfx 0000:00:02.0: [drm] *ERROR* Please switch to a supported graphics device to avoid problems.
[    4.619411] vmwgfx 0000:00:02.0: [drm] DMA map mode: Caching DMA mappings.
[    4.619642] vmwgfx 0000:00:02.0: [drm] Legacy memory limits: VRAM = 131072 KiB, FIFO = 2048 KiB, surface = 393216 KiB
[    4.619644] vmwgfx 0000:00:02.0: [drm] MOB limits: max mob size = 0 KiB, max mob pages = 0
[    4.619645] vmwgfx 0000:00:02.0: [drm] Max GMR ids is 8192
[    4.619645] vmwgfx 0000:00:02.0: [drm] Max number of GMR pages is 1048576
[    4.619646] vmwgfx 0000:00:02.0: [drm] Maximum display memory size is 131072 KiB
[    4.624329] vmwgfx 0000:00:02.0: [drm] Screen Object display unit initialized
[    4.624718] vmwgfx 0000:00:02.0: [drm] Fifo max 0x00200000 min 0x00001000 cap 0x00000355
[    4.625219] vmwgfx 0000:00:02.0: [drm] Using command buffers with DMA pool.
[    4.625227] vmwgfx 0000:00:02.0: [drm] Available shader model: Legacy.
[    4.627087] [drm] Initialized vmwgfx 2.20.0 for 0000:00:02.0 on minor 0
[    4.628306] fbcon: vmwgfxdrmfb (fb0) is primary device
[    4.628575] Console: switching to colour frame buffer device 160x50
[    4.630351] vmwgfx 0000:00:02.0: [drm] fb0: vmwgfxdrmfb frame buffer device
[    4.722007] sr 1:0:0:0: Attached scsi CD-ROM sr0
[    4.733563] e1000 0000:00:03.0 eth0: (PCI:33MHz:32-bit) 08:00:27:f8:63:50
[    4.733570] e1000 0000:00:03.0 eth0: Intel(R) PRO/1000 Network Connection
[    4.735642] e1000 0000:00:03.0 enp0s3: renamed from eth0
[    4.757868] usb 2-1: new full-speed USB device number 2 using ohci-pci
[    4.818544] psmouse serio1: pixart_ps2: init: Unable to query PixArt touchpad hardware.
[    4.933812] input: ImExPS/2 PixArt clickpad as /devices/platform/i8042/serio1/input/input5
[    5.071361] usb 2-1: New USB device found, idVendor=80ee, idProduct=0021, bcdDevice= 1.00
[    5.071365] usb 2-1: New USB device strings: Mfr=1, Product=3, SerialNumber=0
[    5.071367] usb 2-1: Product: USB Tablet
[    5.071367] usb 2-1: Manufacturer: VirtualBox
[    5.089954] hid: raw HID events driver (C) Jiri Kosina
[    5.110337] usbcore: registered new interface driver usbhid
[    5.110340] usbhid: USB HID core driver
[    5.125856] input: VirtualBox USB Tablet as /devices/pci0000:00/0000:00:06.0/usb2/2-1/2-1:1.0/0003:80EE:0021.0001/input/input6
[    5.126532] hid-generic 0003:80EE:0021.0001: input,hidraw0: USB HID v1.10 Mouse [VirtualBox USB Tablet] on usb-0000:00:06.0-1/input0
[    5.475094] PM: Image not found (code -22)
[    6.148074] EXT4-fs (sda1): mounted filesystem 5b525fc5-6c7c-425d-8f5e-4996e8ffbbd3 ro with ordered data mode. Quota mode: none.
[    6.417699] Not activating Mandatory Access Control as /sbin/tomoyo-init does not exist.
[    7.381764] systemd[1]: Inserted module 'autofs4'
[    7.574571] systemd[1]: systemd 252.26-1~deb12u2 running in system mode (+PAM +AUDIT +SELINUX +APPARMOR +IMA +SMACK +SECCOMP +GCRYPT -GNUTLS +OPENSSL +ACL +BLKID +CURL +ELFUTILS +FIDO2 +IDN2 -IDN +IPTC +KMOD +LIBCRYPTSETUP +LIBFDISK +PCRE2 -PWQUALITY +P11KIT +QRENCODE +TPM2 +BZIP2 +LZ4 +XZ +ZLIB +ZSTD -BPF_FRAMEWORK -XKBCOMMON +UTMP +SYSVINIT default-hierarchy=unified)
[    7.574575] systemd[1]: Detected virtualization oracle.
[    7.574578] systemd[1]: Detected architecture x86-64.
[    7.586730] systemd[1]: Hostname set to <littlepenguinychun>.
[    7.598391] systemd[1]: Invalid DMI field header.
[    8.727290] systemd[1]: Queued start job for default target graphical.target.
[    8.768182] systemd[1]: Created slice system-getty.slice - Slice /system/getty.
[    8.768363] systemd[1]: Created slice system-modprobe.slice - Slice /system/modprobe.
[    8.768462] systemd[1]: Created slice user.slice - User and Session Slice.
[    8.768499] systemd[1]: Started systemd-ask-password-wall.path - Forward Password Requests to Wall Directory Watch.
[    8.768607] systemd[1]: Set up automount proc-sys-fs-binfmt_misc.automount - Arbitrary Executable File Formats File System Automount Point.
[    8.768620] systemd[1]: Expecting device dev-disk-by\x2duuid-3a347c84\x2db1e3\x2d468e\x2da71c\x2d841a6297cc42.device - /dev/disk/by-uuid/3a347c84-b1e3-468e-a71c-841a6297cc42...
[    8.768637] systemd[1]: Reached target integritysetup.target - Local Integrity Protected Volumes.
[    8.768652] systemd[1]: Reached target nss-user-lookup.target - User and Group Name Lookups.
[    8.768661] systemd[1]: Reached target remote-fs.target - Remote File Systems.
[    8.768666] systemd[1]: Reached target slices.target - Slice Units.
[    8.768682] systemd[1]: Reached target veritysetup.target - Local Verity Protected Volumes.
[    8.768766] systemd[1]: Listening on systemd-fsckd.socket - fsck to fsckd communication Socket.
[    8.768811] systemd[1]: Listening on systemd-initctl.socket - initctl Compatibility Named Pipe.
[    8.769650] systemd[1]: Listening on systemd-journald-audit.socket - Journal Audit Socket.
[    8.769733] systemd[1]: Listening on systemd-journald-dev-log.socket - Journal Socket (/dev/log).
[    8.769805] systemd[1]: Listening on systemd-journald.socket - Journal Socket.
[    8.769879] systemd[1]: Listening on systemd-udevd-control.socket - udev Control Socket.
[    8.769916] systemd[1]: Listening on systemd-udevd-kernel.socket - udev Kernel Socket.
[    8.770894] systemd[1]: Mounting dev-hugepages.mount - Huge Pages File System...
[    8.771636] systemd[1]: Mounting dev-mqueue.mount - POSIX Message Queue File System...
[    8.772595] systemd[1]: Mounting sys-kernel-debug.mount - Kernel Debug File System...
[    8.773317] systemd[1]: Mounting sys-kernel-tracing.mount - Kernel Trace File System...
[    8.783179] systemd[1]: Starting keyboard-setup.service - Set the console keyboard layout...
[    8.784246] systemd[1]: Starting kmod-static-nodes.service - Create List of Static Device Nodes...
[    8.785385] systemd[1]: Starting modprobe@configfs.service - Load Kernel Module configfs...
[    8.787254] systemd[1]: Starting modprobe@dm_mod.service - Load Kernel Module dm_mod...
[    8.787943] systemd[1]: Starting modprobe@drm.service - Load Kernel Module drm...
[    8.788587] systemd[1]: Starting modprobe@efi_pstore.service - Load Kernel Module efi_pstore...
[    8.789331] systemd[1]: Starting modprobe@fuse.service - Load Kernel Module fuse...
[    8.790074] systemd[1]: Starting modprobe@loop.service - Load Kernel Module loop...
[    8.790170] systemd[1]: systemd-fsck-root.service - File System Check on Root Device was skipped because of an unmet condition check (ConditionPathExists=!/run/initramfs/fsck-root).
[    8.815838] systemd[1]: Starting systemd-journald.service - Journal Service...
[    8.831534] systemd[1]: Starting systemd-modules-load.service - Load Kernel Modules...
[    8.832352] systemd[1]: Starting systemd-remount-fs.service - Remount Root and Kernel File Systems...
[    8.833038] systemd[1]: Starting systemd-udev-trigger.service - Coldplug All udev Devices...
[    8.833936] systemd[1]: Finished kmod-static-nodes.service - Create List of Static Device Nodes.
[    8.834441] systemd[1]: modprobe@drm.service: Deactivated successfully.
[    8.837760] systemd[1]: Finished modprobe@drm.service - Load Kernel Module drm.
[    8.855771] systemd[1]: modprobe@configfs.service: Deactivated successfully.
[    8.855992] systemd[1]: Finished modprobe@configfs.service - Load Kernel Module configfs.
[    8.860853] systemd[1]: Mounting sys-kernel-config.mount - Kernel Configuration File System...
[    8.906312] systemd[1]: modprobe@efi_pstore.service: Deactivated successfully.
[    8.906739] systemd[1]: Finished modprobe@efi_pstore.service - Load Kernel Module efi_pstore.
[    8.926377] loop: module loaded
[    8.926605] systemd[1]: Started systemd-journald.service - Journal Service.
[    9.002347] fuse: init (API version 7.40)
[    9.046901] EXT4-fs (sda1): re-mounted 5b525fc5-6c7c-425d-8f5e-4996e8ffbbd3 r/w. Quota mode: none.
[    9.104662] systemd-journald[369]: Received client request to flush runtime journal.
[    9.125556] device-mapper: core: CONFIG_IMA_DISABLE_HTABLE is disabled. Duplicate IMA measurements will not be recorded in the IMA log.
[    9.129122] device-mapper: uevent: version 1.0.3
[    9.131213] device-mapper: ioctl: 4.48.0-ioctl (2023-03-01) initialised: dm-devel@lists.linux.dev
[    9.176702] lp: driver loaded but no devices found
[    9.184463] systemd-journald[369]: File /var/log/journal/616d87842e0e49c29e593aed89b54e2e/system.journal corrupted or uncleanly shut down, renaming and replacing.
[    9.240494] ppdev: user-space parallel port driver
[    9.992427] audit: type=1400 audit(1723253254.730:2): apparmor="STATUS" operation="profile_load" profile="unconfined" name="libreoffice-senddoc" pid=422 comm="apparmor_parser"
[    9.992965] audit: type=1400 audit(1723253254.730:3): apparmor="STATUS" operation="profile_load" profile="unconfined" name="lsb_release" pid=416 comm="apparmor_parser"
[    9.993487] audit: type=1400 audit(1723253254.730:4): apparmor="STATUS" operation="profile_load" profile="unconfined" name="nvidia_modprobe" pid=417 comm="apparmor_parser"
[    9.993491] audit: type=1400 audit(1723253254.730:5): apparmor="STATUS" operation="profile_load" profile="unconfined" name="nvidia_modprobe//kmod" pid=417 comm="apparmor_parser"
[    9.997833] audit: type=1400 audit(1723253254.738:6): apparmor="STATUS" operation="profile_load" profile="unconfined" name="/usr/bin/man" pid=420 comm="apparmor_parser"
[    9.997837] audit: type=1400 audit(1723253254.738:7): apparmor="STATUS" operation="profile_load" profile="unconfined" name="man_filter" pid=420 comm="apparmor_parser"
[    9.997839] audit: type=1400 audit(1723253254.738:8): apparmor="STATUS" operation="profile_load" profile="unconfined" name="man_groff" pid=420 comm="apparmor_parser"
[   10.009863] audit: type=1400 audit(1723253254.746:9): apparmor="STATUS" operation="profile_load" profile="unconfined" name="libreoffice-oosplash" pid=421 comm="apparmor_parser"
[   10.024195] audit: type=1400 audit(1723253254.758:10): apparmor="STATUS" operation="profile_load" profile="unconfined" name="libreoffice-xpdfimport" pid=429 comm="apparmor_parser"
[   10.043122] audit: type=1400 audit(1723253254.778:11): apparmor="STATUS" operation="profile_load" profile="unconfined" name="/usr/sbin/cups-browsed" pid=430 comm="apparmor_parser"
[   10.627012] input: PC Speaker as /devices/platform/pcspkr/input/input7
[   10.750999] vboxguest: host-version: 7.0.18r162988 0x8000000f
[   10.752350] vbg_heartbeat_init: Setting up heartbeat to trigger every 2000 milliseconds
[   10.753629] input: VirtualBox mouse integration as /devices/pci0000:00/0000:00:04.0/input/input8
[   10.804732] ACPI: AC: AC Adapter [AC] (on-line)
[   10.993909] sr 1:0:0:0: Attached scsi generic sg0 type 5
[   11.090018] sd 2:0:0:0: Attached scsi generic sg1 type 0
[   11.415567] Error: Driver 'pcspkr' is already registered, aborting...
[   11.485276] RAPL PMU: API unit is 2^-32 Joules, 0 fixed counters, 10737418240 ms ovfl timer
[   11.529389] cryptd: max_cpu_qlen set to 1000
[   11.706734] Adding 998396k swap on /dev/sda5.  Priority:-2 extents:1 across:998396k 
[   12.175688] snd_intel8x0 0000:00:05.0: allow list rate for 1028:0177 is 48000
[   13.795773] NET: Registered PF_QIPCRTR protocol family
[   14.029542] e1000: enp0s3 NIC Link is Up 1000 Mbps Full Duplex, Flow Control: RX
[   27.644235] rfkill: input handler disabled
[  118.072131] rfkill: input handler enabled
[  121.611134] rfkill: input handler disabled
